2026-09-04 23:35:11  [inc:2026-09-03-rep-41d0fc-bb02b2:confirmed:3]
🚨 <b>DENİZDE OLAY — DOĞRULANDI</b>

Ne oldu: tehlike çağrısı
📍 Yer: İzmir açıkları (Güney Ege)
🧍 18 kişi bildirildi
Durum: doğrulandı (resmi kaynak)

Kaynak: Sahil Güvenlik Komutanlığı
“03.09.2026 İzmir Önlerinde 2 Şahıs Kurtarılmıştır”
🔗 https://www.sg.gov.tr/izmir-onlerinde-2-sahis-kurtarilmistir
🗺️ Haritada gör: https://www.google.com/maps?q=38.43000,27.14000

<i>Bu otomatik bir derlemedir; resmi açıklamayı esas alın.</i>
<b>Acil durumda: 158 Sahil Güvenlik  ·  112</b>
------------------------------------------------------------
2026-09-04 23:35:11  [inc:2026-09-04-rep-a0c267-4d701b:confirmed:1]
🚨 <b>DENİZDE OLAY — DOĞRULANDI</b>

Ne oldu: tehlike çağrısı
📍 Yer: Marmaris açıkları (Güney Ege)
Durum: doğrulandı (resmi kaynak)

Kaynak: Sahil Güvenlik Komutanlığı
“03.09.2026 Muğla Açıklarında 2 Şahıs Kurtarılmıştır”
🔗 https://www.sg.gov.tr/mugla-aciklarinda-2-sahis-kurtarilmistir-02-09-2026
🗺️ Haritada gör: https://www.google.com/maps?q=36.75000,27.90000

<i>Bu otomatik bir derlemedir; resmi açıklamayı esas alın.</i>
<b>Acil durumda: 158 Sahil Güvenlik  ·  112</b>
------------------------------------------------------------
2026-09-04 23:35:11  [DIGEST 2 items]
🔔 <b>2 yeni bildirim · 23:35</b>

➖➖➖➖➖

🚨 <b>DENİZDE OLAY — DOĞRULANDI</b>

Ne oldu: tehlike çağrısı
📍 Yer: İzmir açıkları (Güney Ege)
🧍 18 kişi bildirildi
Durum: doğrulandı (resmi kaynak)

Kaynak: Sahil Güvenlik Komutanlığı
“03.09.2026 İzmir Önlerinde 2 Şahıs Kurtarılmıştır”
🔗 https://www.sg.gov.tr/izmir-onlerinde-2-sahis-kurtarilmistir
🗺️ Haritada gör: https://www.google.com/maps?q=38.43000,27.14000

➖➖➖➖➖

🚨 <b>DENİZDE OLAY — DOĞRULANDI</b>

Ne oldu: tehlike çağrısı
📍 Yer: Marmaris açıkları (Güney Ege)
Durum: doğrulandı (resmi kaynak)

Kaynak: Sahil Güvenlik Komutanlığı
“03.09.2026 Muğla Açıklarında 2 Şahıs Kurtarılmıştır”
🔗 https://www.sg.gov.tr/mugla-aciklarinda-2-sahis-kurtarilmistir-02-09-2026
🗺️ Haritada gör: https://www.google.com/maps?q=36.75000,27.90000
------------------------------------------------------------
2026-09-05 00:25:53  [inc:ais-1:probable:2]
⚠️ <b>DENİZDE OLAY — henüz doğrulanmadı</b>

Ne oldu: sürüklenme
📍 Yer: Silivri açıkları (Marmara Denizi)
Durum: kuvvetli ihtimal — henüz resmi teyit yok

• hurriyet.com.tr: “Silivri açıklarında batan teknede kaybolan Ahmet Yılmaz&#x27;ın cansız bedeni bulundu”
  https://www.hurriyet.com.tr/x
🗺️ Haritada gör: https://www.google.com/maps?q=41.07000,28.25000

<i>Bu otomatik bir derlemedir; resmi açıklamayı esas alın.</i>
<b>Acil durumda: 158 Sahil Güvenlik  ·  112</b>
------------------------------------------------------------
2026-09-05 15:39:49  [inc:2026-09-05-rep-5c0aa8-d2a197:confirmed:1]
🚨 <b>DENİZDE OLAY — DOĞRULANDI</b>

Ne oldu: tehlike çağrısı
📍 Yer: Mudanya açıkları (Marmara Denizi)
Durum: doğrulandı (resmi kaynak)

• Sahil Güvenlik Komutanlığı: “05.09.2026 Bursa Açıklarında 2 Şahıs Kurtarılmıştır”
  https://www.sg.gov.tr/bursa-aciklarinda-2-sahis-kurtarilmistir
🗺️ Haritada gör: https://www.google.com/maps?q=40.37000,28.88000

<i>Bu otomatik bir derlemedir; resmi açıklamayı esas alın.</i>
<b>Acil durumda: 158 Sahil Güvenlik  ·  112</b>
------------------------------------------------------------
2026-09-05 15:39:49  [inc:2026-09-03-rep-41d0fc-bb02b2:confirmed:5]
🚨 <b>DENİZDE OLAY — DOĞRULANDI</b>

Ne oldu: tehlike çağrısı
📍 Yer: İzmir açıkları (Güney Ege)
🧍 30 kişi bildirildi (kaynaklarda geçen en yüksek sayı)
Durum: doğrulandı (resmi kaynak)

Kaynaklar (5):
• Sahil Güvenlik Komutanlığı: “03.09.2026 İzmir Önlerinde 2 Şahıs Kurtarılmıştır”
  https://www.sg.gov.tr/izmir-onlerinde-2-sahis-kurtarilmistir
• Sahil Güvenlik Komutanlığı: “02.09.2026 İzmir Açıklarında 20 Düzensiz Göçmen Kurtarılmıştır”
  https://www.sg.gov.tr/izmir-aciklarinda-20-duzensiz-gocmen-kurtarilmistir-01-09-2026-
• Sahil Güvenlik Komutanlığı: “04.09.2026 İzmir Açıklarında 18 Düzensiz Göçmen (Beraberinde 8 Çocuk) Kurtarılmıştır”
  https://www.sg.gov.tr/izmir-aciklarinda-18-duzensiz-gocmen-beraberinde-8-cocuk-kurtarilmistir-03-09-2026
…ve 2 kaynak daha
🗺️ Haritada gör: https://www.google.com/maps?q=38.43000,27.14000

<i>Bu otomatik bir derlemedir; resmi açıklamayı esas alın.</i>
<b>Acil durumda: 158 Sahil Güvenlik  ·  112</b>
------------------------------------------------------------
2026-09-05 15:39:49  [DIGEST 2 items]
🔔 <b>2 yeni bildirim · 15:39</b>

➖➖➖➖➖

🚨 <b>DENİZDE OLAY — DOĞRULANDI</b>

Ne oldu: tehlike çağrısı
📍 Yer: Mudanya açıkları (Marmara Denizi)
Durum: doğrulandı (resmi kaynak)

• Sahil Güvenlik Komutanlığı: “05.09.2026 Bursa Açıklarında 2 Şahıs Kurtarılmıştır”
  https://www.sg.gov.tr/bursa-aciklarinda-2-sahis-kurtarilmistir
🗺️ Haritada gör: https://www.google.com/maps?q=40.37000,28.88000

➖➖➖➖➖

🚨 <b>DENİZDE OLAY — DOĞRULANDI</b>

Ne oldu: tehlike çağrısı
📍 Yer: İzmir açıkları (Güney Ege)
🧍 30 kişi bildirildi (kaynaklarda geçen en yüksek sayı)
Durum: doğrulandı (resmi kaynak)

Kaynaklar (5):
• Sahil Güvenlik Komutanlığı: “03.09.2026 İzmir Önlerinde 2 Şahıs Kurtarılmıştır”
  https://www.sg.gov.tr/izmir-onlerinde-2-sahis-kurtarilmistir
• Sahil Güvenlik Komutanlığı: “02.09.2026 İzmir Açıklarında 20 Düzensiz Göçmen Kurtarılmıştır”
  https://www.sg.gov.tr/izmir-aciklarinda-20-duzensiz-gocmen-kurtarilmistir-01-09-2026-
• Sahil Güvenlik Komutanlığı: “04.09.2026 İzmir Açıklarında 18 Düzensiz Göçmen (Beraberinde 8 Çocuk) Kurtarılmıştır”
  https://www.sg.gov.tr/izmir-aciklarinda-18-duzensiz-gocmen-beraberinde-8-cocuk-kurtarilmistir-03-09-2026
…ve 2 kaynak daha
🗺️ Haritada gör: https://www.google.com/maps?q=38.43000,27.14000
------------------------------------------------------------
2026-09-05 15:44:21  [inc:rep-bb02b2dc7a:confirmed:5]
🚨 <b>DENİZDE OLAY — DOĞRULANDI</b>

Ne oldu: tehlike çağrısı
📍 Yer: İzmir açıkları (Güney Ege)
🧍 30 kişi bildirildi (kaynaklarda geçen en yüksek sayı)
Durum: doğrulandı (resmi kaynak)

Kaynaklar (5):
• Sahil Güvenlik Komutanlığı: “03.09.2026 İzmir Önlerinde 2 Şahıs Kurtarılmıştır”
  https://www.sg.gov.tr/izmir-onlerinde-2-sahis-kurtarilmistir
• Sahil Güvenlik Komutanlığı: “02.09.2026 İzmir Açıklarında 20 Düzensiz Göçmen Kurtarılmıştır”
  https://www.sg.gov.tr/izmir-aciklarinda-20-duzensiz-gocmen-kurtarilmistir-01-09-2026-
• Sahil Güvenlik Komutanlığı: “04.09.2026 İzmir Açıklarında 18 Düzensiz Göçmen (Beraberinde 8 Çocuk) Kurtarılmıştır”
  https://www.sg.gov.tr/izmir-aciklarinda-18-duzensiz-gocmen-beraberinde-8-cocuk-kurtarilmistir-03-09-2026
…ve 2 kaynak daha
🗺️ Haritada gör: https://www.google.com/maps?q=38.43000,27.14000

<i>Bu otomatik bir derlemedir; resmi açıklamayı esas alın.</i>
<b>Acil durumda: 158 Sahil Güvenlik  ·  112</b>
------------------------------------------------------------
2026-09-05 15:44:21  [inc:rep-d2a197a441:confirmed:1]
🚨 <b>DENİZDE OLAY — DOĞRULANDI</b>

Ne oldu: tehlike çağrısı
📍 Yer: Mudanya açıkları (Marmara Denizi)
Durum: doğrulandı (resmi kaynak)

• Sahil Güvenlik Komutanlığı: “05.09.2026 Bursa Açıklarında 2 Şahıs Kurtarılmıştır”
  https://www.sg.gov.tr/bursa-aciklarinda-2-sahis-kurtarilmistir
🗺️ Haritada gör: https://www.google.com/maps?q=40.37000,28.88000

<i>Bu otomatik bir derlemedir; resmi açıklamayı esas alın.</i>
<b>Acil durumda: 158 Sahil Güvenlik  ·  112</b>
------------------------------------------------------------
2026-09-05 15:44:21  [DIGEST 2 items]
🔔 <b>2 yeni bildirim · 15:44</b>

➖➖➖➖➖

🚨 <b>DENİZDE OLAY — DOĞRULANDI</b>

Ne oldu: tehlike çağrısı
📍 Yer: İzmir açıkları (Güney Ege)
🧍 30 kişi bildirildi (kaynaklarda geçen en yüksek sayı)
Durum: doğrulandı (resmi kaynak)

Kaynaklar (5):
• Sahil Güvenlik Komutanlığı: “03.09.2026 İzmir Önlerinde 2 Şahıs Kurtarılmıştır”
  https://www.sg.gov.tr/izmir-onlerinde-2-sahis-kurtarilmistir
• Sahil Güvenlik Komutanlığı: “02.09.2026 İzmir Açıklarında 20 Düzensiz Göçmen Kurtarılmıştır”
  https://www.sg.gov.tr/izmir-aciklarinda-20-duzensiz-gocmen-kurtarilmistir-01-09-2026-
• Sahil Güvenlik Komutanlığı: “04.09.2026 İzmir Açıklarında 18 Düzensiz Göçmen (Beraberinde 8 Çocuk) Kurtarılmıştır”
  https://www.sg.gov.tr/izmir-aciklarinda-18-duzensiz-gocmen-beraberinde-8-cocuk-kurtarilmistir-03-09-2026
…ve 2 kaynak daha
🗺️ Haritada gör: https://www.google.com/maps?q=38.43000,27.14000

➖➖➖➖➖

🚨 <b>DENİZDE OLAY — DOĞRULANDI</b>

Ne oldu: tehlike çağrısı
📍 Yer: Mudanya açıkları (Marmara Denizi)
Durum: doğrulandı (resmi kaynak)

• Sahil Güvenlik Komutanlığı: “05.09.2026 Bursa Açıklarında 2 Şahıs Kurtarılmıştır”
  https://www.sg.gov.tr/bursa-aciklarinda-2-sahis-kurtarilmistir
🗺️ Haritada gör: https://www.google.com/maps?q=40.37000,28.88000
------------------------------------------------------------
2026-09-05 15:47:03  [inc:rep-442993157a:confirmed:1]
🚨 <b>DENİZDE OLAY — DOĞRULANDI</b>

Ne oldu: belirsiz
📍 Yer: Tekirdağ açıkları (Marmara Denizi)
Durum: doğrulandı (resmi kaynak)

• Sahil Güvenlik Komutanlığı: “03.09.2026 Tekirdağ Açıklarında 2 Şahıs Kurtarılmıştır”
  https://www.sg.gov.tr/tekirdag-aciklarinda-2-sahis-kurtarilmistir-02-09-2026
🗺️ Haritada gör: https://www.google.com/maps?q=40.98000,27.51000

<i>Bu otomatik bir derlemedir; resmi açıklamayı esas alın.</i>
<b>Acil durumda: 158 Sahil Güvenlik  ·  112</b>
------------------------------------------------------------
2026-09-05 15:47:03  [inc:rep-4d701b7ab0:confirmed:2]
🚨 <b>DENİZDE OLAY — DOĞRULANDI</b>

Ne oldu: belirsiz
📍 Yer: belirtilmedi
Durum: doğrulandı (resmi kaynak)

• Sahil Güvenlik Komutanlığı: “03.09.2026 Muğla Açıklarında 2 Şahıs Kurtarılmıştır”
  https://www.sg.gov.tr/mugla-aciklarinda-2-sahis-kurtarilmistir-02-09-2026

<i>Bu otomatik bir derlemedir; resmi açıklamayı esas alın.</i>
<b>Acil durumda: 158 Sahil Güvenlik  ·  112</b>
------------------------------------------------------------
2026-09-05 15:47:03  [wx:eq-emsc-38.78-27.14-2026-09-03T10:20]
🌍 <b>DEPREM</b>

Bölge: WESTERN TURKEY
Büyüklük: 3,8
Kaynak: EMSC
🗺️ Haritada gör: https://www.google.com/maps?q=38.77530,27.14400

<i>Kıyıya yakın deprem. Deniz seviyesi değişimlerine dikkat.</i>
------------------------------------------------------------
2026-09-05 23:28:05  [inc:rep-442993157a:confirmed:1]
🚨 <b>DENİZDE OLAY — DOĞRULANDI</b>

Ne oldu: tehlike çağrısı
📍 Yer: Tekirdağ açıkları (Marmara Denizi)
Durum: doğrulandı (resmi kaynak)

• Sahil Güvenlik Komutanlığı: “03.09.2026 Tekirdağ Açıklarında 2 Şahıs Kurtarılmıştır”
  https://www.sg.gov.tr/tekirdag-aciklarinda-2-sahis-kurtarilmistir-02-09-2026
🗺️ Haritada gör: https://www.google.com/maps?q=40.98000,27.51000

<i>Bu otomatik bir derlemedir; resmi açıklamayı esas alın.</i>
<b>Acil durumda: 158 Sahil Güvenlik  ·  112</b>
------------------------------------------------------------
2026-09-05 23:28:05  [inc:rep-4d701b7ab0:confirmed:2]
🚨 <b>DENİZDE OLAY — DOĞRULANDI</b>

Ne oldu: tehlike çağrısı
📍 Yer: Güney Ege — en yakın kıyı: Marmaris (~19 deniz mili)
Durum: doğrulandı (resmi kaynak)

• Sahil Güvenlik Komutanlığı: “03.09.2026 Muğla Açıklarında 2 Şahıs Kurtarılmıştır”
  https://www.sg.gov.tr/mugla-aciklarinda-2-sahis-kurtarilmistir-02-09-2026
🗺️ Haritada gör: https://www.google.com/maps?q=36.75000,27.90000

<i>Bu otomatik bir derlemedir; resmi açıklamayı esas alın.</i>
<b>Acil durumda: 158 Sahil Güvenlik  ·  112</b>
------------------------------------------------------------
2026-09-05 23:28:05  [wx:eq-emsc-38.78-27.14-2026-09-03T10:20]
🌍 <b>DEPREM</b>

Bölge: WESTERN TURKEY
Büyüklük: 3,8
Kaynak: EMSC
🗺️ Haritada gör: https://www.google.com/maps?q=38.77530,27.14400

<i>En yakın liman İzmir, yaklaşık 38 km. Limanda bağlı teknelerde ve halatlarda sarsıntı etkisi olabilir.</i>
------------------------------------------------------------
2026-09-05 23:37:13  [wx:om-doğukaradeniz]
🌊 <b>DENİZ HAVA UYARISI</b>

Bölge: Doğu Karadeniz
Dalga: 1,2 metreye çıkıyor
Rüzgar: 43 knota (9 Bofor) çıkıyor
Kaynak: Open-Meteo
🗺️ Haritada gör: https://www.google.com/maps?q=41.30000,39.70000

<b>Küçük tekneyle denize çıkmayın.</b> Çıkmadan önce liman başkanlığından / MGM'den teyit alın.
------------------------------------------------------------
2026-09-05 23:37:13  [DIGEST 1 items]
🔔 <b>1 yeni bildirim · 23:37</b>

➖➖➖➖➖

🌊 <b>DENİZ HAVA UYARISI</b>

Bölge: Doğu Karadeniz
Dalga: 1,2 metreye çıkıyor
Rüzgar: 43 knota (9 Bofor) çıkıyor
Kaynak: Open-Meteo
🗺️ Haritada gör: https://www.google.com/maps?q=41.30000,39.70000

<b>Küçük tekneyle denize çıkmayın.</b> Çıkmadan önce liman başkanlığından / MGM'den teyit alın.
------------------------------------------------------------
2026-09-05 23:48:42  [wx:om-doğukaradeniz]
🌊 <b>DENİZ HAVA UYARISI</b>

Bölge: Doğu Karadeniz
Dalga: 1,2 metreye çıkıyor
Rüzgar: 43 knota (9 Bofor) çıkıyor
Kaynak: Open-Meteo
🗺️ Haritada gör: https://www.google.com/maps?q=41.30000,39.70000

<b>Küçük tekneyle denize çıkmayın.</b> Çıkmadan önce liman başkanlığından / MGM'den teyit alın.
------------------------------------------------------------
2026-09-05 23:48:42  [inc:rep-d2a197a441:confirmed:1]
🚨 <b>DENİZDE OLAY — DOĞRULANDI</b>

Ne oldu: tehlike çağrısı
📍 Yer: Mudanya açıkları (Marmara Denizi)
Durum: doğrulandı (resmi kaynak)

• Sahil Güvenlik Komutanlığı: “05.09.2026 Bursa Açıklarında 2 Şahıs Kurtarılmıştır”
  https://www.sg.gov.tr/bursa-aciklarinda-2-sahis-kurtarilmistir
🗺️ Haritada gör: https://www.google.com/maps?q=40.37000,28.88000

<i>Bu otomatik bir derlemedir; resmi açıklamayı esas alın.</i>
<b>Acil durumda: 158 Sahil Güvenlik  ·  112</b>
------------------------------------------------------------
2026-09-05 23:48:42  [inc:rep-bb02b2dc7a:confirmed:5]
🚨 <b>DENİZDE OLAY — DOĞRULANDI</b>

Ne oldu: tehlike çağrısı
📍 Yer: İzmir açıkları (Güney Ege)
🧍 30 kişi bildirildi (kaynaklarda geçen en yüksek sayı)
Durum: doğrulandı (resmi kaynak)

Kaynaklar (5):
• Sahil Güvenlik Komutanlığı: “03.09.2026 İzmir Önlerinde 2 Şahıs Kurtarılmıştır”
  https://www.sg.gov.tr/izmir-onlerinde-2-sahis-kurtarilmistir
• Sahil Güvenlik Komutanlığı: “02.09.2026 İzmir Açıklarında 20 Düzensiz Göçmen Kurtarılmıştır”
  https://www.sg.gov.tr/izmir-aciklarinda-20-duzensiz-gocmen-kurtarilmistir-01-09-2026-
• Sahil Güvenlik Komutanlığı: “04.09.2026 İzmir Açıklarında 18 Düzensiz Göçmen (Beraberinde 8 Çocuk) Kurtarılmıştır”
  https://www.sg.gov.tr/izmir-aciklarinda-18-duzensiz-gocmen-beraberinde-8-cocuk-kurtarilmistir-03-09-2026
…ve 2 kaynak daha
🗺️ Haritada gör: https://www.google.com/maps?q=38.43000,27.14000

<i>Bu otomatik bir derlemedir; resmi açıklamayı esas alın.</i>
<b>Acil durumda: 158 Sahil Güvenlik  ·  112</b>
------------------------------------------------------------
2026-09-05 23:48:42  [DIGEST 3 items]
🔔 <b>3 yeni bildirim · 23:48</b>

➖➖➖➖➖

🌊 <b>DENİZ HAVA UYARISI</b>

Bölge: Doğu Karadeniz
Dalga: 1,2 metreye çıkıyor
Rüzgar: 43 knota (9 Bofor) çıkıyor
Kaynak: Open-Meteo
🗺️ Haritada gör: https://www.google.com/maps?q=41.30000,39.70000

<b>Küçük tekneyle denize çıkmayın.</b> Çıkmadan önce liman başkanlığından / MGM'den teyit alın.

➖➖➖➖➖

🚨 <b>DENİZDE OLAY — DOĞRULANDI</b>

Ne oldu: tehlike çağrısı
📍 Yer: Mudanya açıkları (Marmara Denizi)
Durum: doğrulandı (resmi kaynak)

• Sahil Güvenlik Komutanlığı: “05.09.2026 Bursa Açıklarında 2 Şahıs Kurtarılmıştır”
  https://www.sg.gov.tr/bursa-aciklarinda-2-sahis-kurtarilmistir
🗺️ Haritada gör: https://www.google.com/maps?q=40.37000,28.88000

➖➖➖➖➖

🚨 <b>DENİZDE OLAY — DOĞRULANDI</b>

Ne oldu: tehlike çağrısı
📍 Yer: İzmir açıkları (Güney Ege)
🧍 30 kişi bildirildi (kaynaklarda geçen en yüksek sayı)
Durum: doğrulandı (resmi kaynak)

Kaynaklar (5):
• Sahil Güvenlik Komutanlığı: “03.09.2026 İzmir Önlerinde 2 Şahıs Kurtarılmıştır”
  https://www.sg.gov.tr/izmir-onlerinde-2-sahis-kurtarilmistir
• Sahil Güvenlik Komutanlığı: “02.09.2026 İzmir Açıklarında 20 Düzensiz Göçmen Kurtarılmıştır”
  https://www.sg.gov.tr/izmir-aciklarinda-20-duzensiz-gocmen-kurtarilmistir-01-09-2026-
• Sahil Güvenlik Komutanlığı: “04.09.2026 İzmir Açıklarında 18 Düzensiz Göçmen (Beraberinde 8 Çocuk) Kurtarılmıştır”
  https://www.sg.gov.tr/izmir-aciklarinda-18-duzensiz-gocmen-beraberinde-8-cocuk-kurtarilmistir-03-09-2026
…ve 2 kaynak daha
🗺️ Haritada gör: https://www.google.com/maps?q=38.43000,27.14000
------------------------------------------------------------
2026-09-08 16:03:30  [inc:rep-4d701b7ab0:confirmed:5]
🚨 <b>DENİZDE OLAY — DOĞRULANDI</b>

Ne oldu: tehlike çağrısı
📍 Yer: Güney Ege — en yakın kıyı: Marmaris (~19 deniz mili)
⛴️ Tekne: OPTASIA
Durum: doğrulandı (resmi kaynak)

Kaynaklar (2):
• Sahil Güvenlik Komutanlığı: “03.09.2026 Muğla Açıklarında 2 Şahıs Kurtarılmıştır”
  https://www.sg.gov.tr/mugla-aciklarinda-2-sahis-kurtarilmistir-02-09-2026
• Sahil Güvenlik Komutanlığı: “06.09.2026 Muğla Açıklarında 2 Şahıs Kurtarılmıştır”
  https://www.sg.gov.tr/mugla-aciklarinda-2-sahis-kurtarilmistir-05-09-2026
🗺️ Haritada gör: https://www.google.com/maps?q=36.75000,27.90000

<i>Bu otomatik bir derlemedir; resmi açıklamayı esas alın.</i>
<b>Acil durumda: 158 Sahil Güvenlik  ·  112</b>
------------------------------------------------------------
2026-09-08 16:03:30  [inc:rep-bb02b2dc7a:confirmed:5]
🚨 <b>DENİZDE OLAY — DOĞRULANDI</b>

Ne oldu: tehlike çağrısı
📍 Yer: İzmir açıkları (Güney Ege)
🧍 30 kişi bildirildi (kaynaklarda geçen en yüksek sayı)
Durum: doğrulandı (resmi kaynak)

Kaynaklar (5):
• Sahil Güvenlik Komutanlığı: “03.09.2026 İzmir Önlerinde 2 Şahıs Kurtarılmıştır”
  https://www.sg.gov.tr/izmir-onlerinde-2-sahis-kurtarilmistir
• Sahil Güvenlik Komutanlığı: “02.09.2026 İzmir Açıklarında 20 Düzensiz Göçmen Kurtarılmıştır”
  https://www.sg.gov.tr/izmir-aciklarinda-20-duzensiz-gocmen-kurtarilmistir-01-09-2026-
• Sahil Güvenlik Komutanlığı: “04.09.2026 İzmir Açıklarında 18 Düzensiz Göçmen (Beraberinde 8 Çocuk) Kurtarılmıştır”
  https://www.sg.gov.tr/izmir-aciklarinda-18-duzensiz-gocmen-beraberinde-8-cocuk-kurtarilmistir-03-09-2026
…ve 2 kaynak daha
🗺️ Haritada gör: https://www.google.com/maps?q=38.43000,27.14000

<i>Bu otomatik bir derlemedir; resmi açıklamayı esas alın.</i>
<b>Acil durumda: 158 Sahil Güvenlik  ·  112</b>
------------------------------------------------------------
2026-09-08 16:03:30  [inc:rep-d2a197a441:confirmed:1]
🚨 <b>DENİZDE OLAY — DOĞRULANDI</b>

Ne oldu: tehlike çağrısı
📍 Yer: Mudanya açıkları (Marmara Denizi)
Durum: doğrulandı (resmi kaynak)

• Sahil Güvenlik Komutanlığı: “05.09.2026 Bursa Açıklarında 2 Şahıs Kurtarılmıştır”
  https://www.sg.gov.tr/bursa-aciklarinda-2-sahis-kurtarilmistir
🗺️ Haritada gör: https://www.google.com/maps?q=40.37000,28.88000

<i>Bu otomatik bir derlemedir; resmi açıklamayı esas alın.</i>
<b>Acil durumda: 158 Sahil Güvenlik  ·  112</b>
------------------------------------------------------------
2026-09-08 16:03:30  [inc:rep-dba1f112fd:confirmed:1]
🚨 <b>DENİZDE OLAY — DOĞRULANDI</b>

Ne oldu: tehlike çağrısı
📍 Yer: Kuşadası açıkları (Orta Ege)
Durum: doğrulandı (resmi kaynak)

• Sahil Güvenlik Komutanlığı: “07.09.2026 Aydın Açıklarında 2 Şahıs Kurtarılmıştır”
  https://www.sg.gov.tr/aydin-aciklarinda-2-sahis-kurtarilmistir-06-09-2026
🗺️ Haritada gör: https://www.google.com/maps?q=37.86000,27.26000

<i>Bu otomatik bir derlemedir; resmi açıklamayı esas alın.</i>
<b>Acil durumda: 158 Sahil Güvenlik  ·  112</b>
------------------------------------------------------------
2026-09-08 16:06:14  [inc:rep-4d701b7ab0:confirmed:4]
🚨 <b>DENİZDE OLAY — DOĞRULANDI</b>

Ne oldu: kurtarma operasyonu
📍 Yer: Güney Ege — en yakın kıyı: Marmaris (~19 deniz mili)
🧍 2 kişi bildirildi
Durum: doğrulandı (resmi kaynak)

• Sahil Güvenlik Komutanlığı: “03.09.2026 Muğla Açıklarında 2 Şahıs Kurtarılmıştır”
  https://www.sg.gov.tr/mugla-aciklarinda-2-sahis-kurtarilmistir-02-09-2026
🗺️ Haritada gör: https://www.google.com/maps?q=36.75000,27.90000

<i>Bu otomatik bir derlemedir; resmi açıklamayı esas alın.</i>
<b>Acil durumda: 158 Sahil Güvenlik  ·  112</b>
------------------------------------------------------------
2026-09-08 16:06:14  [inc:rep-bb02b2dc7a:confirmed:1]
🚨 <b>DENİZDE OLAY — DOĞRULANDI</b>

Ne oldu: kurtarma operasyonu
📍 Yer: İzmir açıkları (Güney Ege)
🧍 2 kişi bildirildi
Durum: doğrulandı (resmi kaynak)

• Sahil Güvenlik Komutanlığı: “03.09.2026 İzmir Önlerinde 2 Şahıs Kurtarılmıştır”
  https://www.sg.gov.tr/izmir-onlerinde-2-sahis-kurtarilmistir
🗺️ Haritada gör: https://www.google.com/maps?q=38.43000,27.14000

<i>Bu otomatik bir derlemedir; resmi açıklamayı esas alın.</i>
<b>Acil durumda: 158 Sahil Güvenlik  ·  112</b>
------------------------------------------------------------
2026-09-08 16:06:14  [inc:rep-d2a197a441:confirmed:1]
🚨 <b>DENİZDE OLAY — DOĞRULANDI</b>

Ne oldu: kurtarma operasyonu
📍 Yer: Mudanya açıkları (Marmara Denizi)
🧍 2 kişi bildirildi
Durum: doğrulandı (resmi kaynak)

• Sahil Güvenlik Komutanlığı: “05.09.2026 Bursa Açıklarında 2 Şahıs Kurtarılmıştır”
  https://www.sg.gov.tr/bursa-aciklarinda-2-sahis-kurtarilmistir
🗺️ Haritada gör: https://www.google.com/maps?q=40.37000,28.88000

<i>Bu otomatik bir derlemedir; resmi açıklamayı esas alın.</i>
<b>Acil durumda: 158 Sahil Güvenlik  ·  112</b>
------------------------------------------------------------
2026-09-08 16:06:14  [inc:rep-dba1f112fd:confirmed:1]
🚨 <b>DENİZDE OLAY — DOĞRULANDI</b>

Ne oldu: kurtarma operasyonu
📍 Yer: Kuşadası açıkları (Orta Ege)
🧍 2 kişi bildirildi
Durum: doğrulandı (resmi kaynak)

• Sahil Güvenlik Komutanlığı: “07.09.2026 Aydın Açıklarında 2 Şahıs Kurtarılmıştır”
  https://www.sg.gov.tr/aydin-aciklarinda-2-sahis-kurtarilmistir-06-09-2026
🗺️ Haritada gör: https://www.google.com/maps?q=37.86000,27.26000

<i>Bu otomatik bir derlemedir; resmi açıklamayı esas alın.</i>
<b>Acil durumda: 158 Sahil Güvenlik  ·  112</b>
------------------------------------------------------------
2026-09-10 01:09:48  [inc:rep-ce92da3519:confirmed:1]
✅ <b>KURTARMA TAMAMLANDI</b>

Ne oldu: kurtarma operasyonu
📍 Yer: Bandırma açıkları (Marmara Denizi)
🧍 5 kişi bildirildi
Durum: doğrulandı (resmi kaynak)

• Sahil Güvenlik Komutanlığı: “09.09.2026 Balıkesir Açıklarında 5 Şahıs Kurtarılmıştır”
  https://www.sg.gov.tr/balikesir-aciklarinda-5-sahis-kurtarilmistir-08-09-2026
🗺️ Haritada gör: https://www.google.com/maps?q=40.35000,27.97000

<i>Bu otomatik bir derlemedir; resmi açıklamayı esas alın.</i>
<b>Acil durumda: 158 Sahil Güvenlik  ·  112</b>
------------------------------------------------------------
2026-09-10 01:09:48  [inc:rep-e2463186f9:confirmed:1]
✅ <b>KURTARMA TAMAMLANDI</b>

Ne oldu: kurtarma operasyonu
📍 Yer: İzmir açıkları (Orta Ege)
🧍 2 kişi bildirildi
Durum: doğrulandı (resmi kaynak)

• Sahil Güvenlik Komutanlığı: “09.09.2026 İzmir Açıklarında 2 Çocuk Kurtarılmıştır”
  https://www.sg.gov.tr/izmir-aciklarinda-2-cocuk-kurtarilmistir
🗺️ Haritada gör: https://www.google.com/maps?q=38.43000,27.14000

<i>Bu otomatik bir derlemedir; resmi açıklamayı esas alın.</i>
<b>Acil durumda: 158 Sahil Güvenlik  ·  112</b>
------------------------------------------------------------
2026-09-10 01:09:48  [inc:rep-5e0298d9eb:confirmed:1]
✅ <b>KURTARMA TAMAMLANDI</b>

Ne oldu: kurtarma operasyonu
📍 Yer: İzmir açıkları (Orta Ege)
🧍 18 kişi bildirildi
Durum: doğrulandı (resmi kaynak)

• Sahil Güvenlik Komutanlığı: “08.09.2026 İzmir Açıklarında 18 Düzensiz Göçmen (Beraberinde 1 Çocuk) Kurtarılmıştır”
  https://www.sg.gov.tr/izmir-aciklarinda-18-duzensiz-gocmen-beraberinde-1-cocuk-kurtarilmistir
🗺️ Haritada gör: https://www.google.com/maps?q=38.43000,27.14000

<i>Bu otomatik bir derlemedir; resmi açıklamayı esas alın.</i>
<b>Acil durumda: 158 Sahil Güvenlik  ·  112</b>
------------------------------------------------------------
2026-09-10 01:09:48  [DIGEST 3 items]
🔔 <b>3 yeni bildirim · 01:09</b>

➖➖➖➖➖

✅ <b>KURTARMA TAMAMLANDI</b>

Ne oldu: kurtarma operasyonu
📍 Yer: Bandırma açıkları (Marmara Denizi)
🧍 5 kişi bildirildi
Durum: doğrulandı (resmi kaynak)

• Sahil Güvenlik Komutanlığı: “09.09.2026 Balıkesir Açıklarında 5 Şahıs Kurtarılmıştır”
  https://www.sg.gov.tr/balikesir-aciklarinda-5-sahis-kurtarilmistir-08-09-2026
🗺️ Haritada gör: https://www.google.com/maps?q=40.35000,27.97000

➖➖➖➖➖

✅ <b>KURTARMA TAMAMLANDI</b>

Ne oldu: kurtarma operasyonu
📍 Yer: İzmir açıkları (Orta Ege)
🧍 2 kişi bildirildi
Durum: doğrulandı (resmi kaynak)

• Sahil Güvenlik Komutanlığı: “09.09.2026 İzmir Açıklarında 2 Çocuk Kurtarılmıştır”
  https://www.sg.gov.tr/izmir-aciklarinda-2-cocuk-kurtarilmistir
🗺️ Haritada gör: https://www.google.com/maps?q=38.43000,27.14000

➖➖➖➖➖

✅ <b>KURTARMA TAMAMLANDI</b>

Ne oldu: kurtarma operasyonu
📍 Yer: İzmir açıkları (Orta Ege)
🧍 18 kişi bildirildi
Durum: doğrulandı (resmi kaynak)

• Sahil Güvenlik Komutanlığı: “08.09.2026 İzmir Açıklarında 18 Düzensiz Göçmen (Beraberinde 1 Çocuk) Kurtarılmıştır”
  https://www.sg.gov.tr/izmir-aciklarinda-18-duzensiz-gocmen-beraberinde-1-cocuk-kurtarilmistir
🗺️ Haritada gör: https://www.google.com/maps?q=38.43000,27.14000
------------------------------------------------------------
2026-09-10 01:33:34  [outlook:10.09.2026]
🎣 <b>GÜNLÜK DENİZ DURUMU</b> — 10.09.2026

<i>küçük tekne (8 m ve altı) için değerlendirildi (sınır: 22 kn rüzgâr, 1.25 m dalga)</i>

<b>Marmara Denizi</b>
  🔴 01:00–02:00  ÇIKMAYIN · 6 Bofor (22 kn), dalga 0,8 m
  🟡 02:00–08:00  dikkatli olun · 6 Bofor (22 kn), dalga 0,7 m
  🟢 08:00–18:00  uygun · 4 Bofor (16 kn), dalga 0,5 m
  🟡 18:00–19:00  dikkatli olun · 5 Bofor (17 kn), dalga 0,4 m

<b>İstanbul Boğazı</b>
  🟢 01:00–10:00  uygun · 4 Bofor (14 kn), dalga 0,1 m
  🟡 10:00–14:00  dikkatli olun · 5 Bofor (21 kn), dalga 0 m
  🔴 14:00–19:00  ÇIKMAYIN · 6 Bofor (23 kn), dalga 0,2 m

<b>Çanakkale Boğazı</b>
  🟢 01:00–10:00  uygun · 4 Bofor (15 kn), dalga 0,3 m
  🟡 10:00–14:00  dikkatli olun · 6 Bofor (22 kn), dalga 0,4 m
  🔴 14:00–17:00  ÇIKMAYIN · 6 Bofor (22 kn), dalga 0,4 m
  🟡 17:00–19:00  dikkatli olun · 5 Bofor (21 kn), dalga 0,3 m

<b>Saroz Körfezi</b>
  🟢 01:00–08:00  uygun · 5 Bofor (16 kn), dalga 0,4 m
  🟡 08:00–12:00  dikkatli olun · 5 Bofor (17 kn), dalga 0,4 m
  🟢 12:00–19:00  uygun · 4 Bofor (15 kn), dalga 0,4 m

<b>Kuzey Ege</b>
  🟢 01:00–11:00  uygun · 4 Bofor (13 kn), dalga 0,2 m
  🟡 11:00–15:00  dikkatli olun · 5 Bofor (18 kn), dalga 0,1 m
  🟢 15:00–19:00  uygun · 5 Bofor (16 kn), dalga 0,2 m

<b>Batı Karadeniz</b>
  🔴 01:00–07:00  ÇIKMAYIN · 4 Bofor (14 kn), dalga 1,5 m
  🟡 07:00–19:00  dikkatli olun · 4 Bofor (10 kn), dalga 1,2 m

<b>Orta Karadeniz</b>
  🔴 01:00–04:00  ÇIKMAYIN · 6 Bofor (23 kn), dalga 0,8 m
  🟡 04:00–19:00  dikkatli olun · 5 Bofor (20 kn), dalga 0,8 m

🟢 Sınırın altında: İzmit Körfezi, Güney Ege, Antalya Körfezi, Mersin Körfezi, İskenderun Körfezi, Doğu Karadeniz

<i>Model tahminidir, ölçüm değildir. Karar sizindir; çıkmadan önce liman başkanlığından ve MGM'den teyit alın.</i>
<b>Acil durumda: 158 Sahil Güvenlik  ·  112</b>
------------------------------------------------------------
2026-09-10 01:37:27  [outlook:10.09.2026]
🎣 <b>GÜNLÜK DENİZ DURUMU</b> — 10.09.2026

<i>küçük tekne (8 m ve altı) için değerlendirildi (sınır: 22 kn rüzgâr, 1.25 m dalga)</i>

<b>Marmara Denizi</b>
  🔴 01:00–02:00  ÇIKMAYIN · ⚠ rüzgâr 6 Bofor (22 kn), dalga 0,8 m
  🟡 02:00–08:00  dikkatli olun · 6 Bofor (22 kn), dalga 0,7 m
  🟢 08:00–18:00  uygun · 4 Bofor (16 kn), dalga 0,5 m
  🟡 18:00–19:00  dikkatli olun · 5 Bofor (17 kn), dalga 0,4 m

<b>İstanbul Boğazı</b>
  🟢 01:00–10:00  uygun · 4 Bofor (14 kn), dalga 0,1 m
  🟡 10:00–14:00  dikkatli olun · 5 Bofor (21 kn)
  🔴 14:00–19:00  ÇIKMAYIN · ⚠ rüzgâr 6 Bofor (23 kn), dalga 0,2 m

<b>Çanakkale Boğazı</b>
  🟢 01:00–10:00  uygun · 4 Bofor (15 kn), dalga 0,3 m
  🟡 10:00–14:00  dikkatli olun · 6 Bofor (22 kn), dalga 0,4 m
  🔴 14:00–17:00  ÇIKMAYIN · ⚠ rüzgâr 6 Bofor (22 kn), dalga 0,4 m
  🟡 17:00–19:00  dikkatli olun · 5 Bofor (21 kn), dalga 0,3 m

<b>Saroz Körfezi</b>
  🟢 01:00–08:00  uygun · 5 Bofor (16 kn), dalga 0,4 m
  🟡 08:00–12:00  dikkatli olun · 5 Bofor (17 kn), dalga 0,4 m
  🟢 12:00–19:00  uygun · 4 Bofor (15 kn), dalga 0,4 m

<b>Kuzey Ege</b>
  🟢 01:00–11:00  uygun · 4 Bofor (13 kn), dalga 0,2 m
  🟡 11:00–15:00  dikkatli olun · 5 Bofor (18 kn), dalga 0,1 m
  🟢 15:00–19:00  uygun · 5 Bofor (16 kn), dalga 0,2 m

<b>Batı Karadeniz</b>
  🔴 01:00–07:00  ÇIKMAYIN · 4 Bofor (14 kn), ⚠ yüksek dalga 1,5 m
  🟡 07:00–19:00  dikkatli olun · 4 Bofor (10 kn), dalga 1,2 m

<b>Orta Karadeniz</b>
  🔴 01:00–04:00  ÇIKMAYIN · ⚠ rüzgâr 6 Bofor (23 kn), dalga 0,8 m
  🟡 04:00–19:00  dikkatli olun · 5 Bofor (20 kn), dalga 0,8 m

🟢 Sınırın altında: İzmit Körfezi, Güney Ege, Antalya Körfezi, Mersin Körfezi, İskenderun Körfezi, Doğu Karadeniz

<i>Model tahminidir, ölçüm değildir. Karar sizindir; çıkmadan önce liman başkanlığından ve MGM'den teyit alın.</i>
<b>Acil durumda: 158 Sahil Güvenlik  ·  112</b>
------------------------------------------------------------
2026-09-10 01:37:51  [outlook:10.09.2026]
🎣 <b>GÜNLÜK DENİZ DURUMU</b> — 10.09.2026

<i>küçük tekne (8 m ve altı) için değerlendirildi (sınır: 22 kn rüzgâr, 1.25 m dalga)</i>

<b>Marmara Denizi</b>
  🔴 01:00–02:00  ÇIKMAYIN · ⚠ rüzgâr 6 Bofor (22 kn), dalga 0,8 m
  🟡 02:00–08:00  dikkatli olun · 6 Bofor (22 kn), dalga 0,7 m
  🟢 08:00–18:00  uygun · 4 Bofor (16 kn), dalga 0,5 m
  🟡 18:00–19:00  dikkatli olun · 5 Bofor (17 kn), dalga 0,4 m

<b>İstanbul Boğazı</b>
  🟢 01:00–10:00  uygun · 4 Bofor (14 kn), dalga 0,1 m
  🟡 10:00–14:00  dikkatli olun · 5 Bofor (21 kn)
  🔴 14:00–19:00  ÇIKMAYIN · ⚠ rüzgâr 6 Bofor (23 kn), dalga 0,2 m

<b>Çanakkale Boğazı</b>
  🟢 01:00–10:00  uygun · 4 Bofor (15 kn), dalga 0,3 m
  🟡 10:00–14:00  dikkatli olun · 6 Bofor (22 kn), dalga 0,4 m
  🔴 14:00–17:00  ÇIKMAYIN · ⚠ rüzgâr 6 Bofor (22 kn), dalga 0,4 m
  🟡 17:00–19:00  dikkatli olun · 5 Bofor (21 kn), dalga 0,3 m

<b>Saroz Körfezi</b>
  🟢 01:00–08:00  uygun · 5 Bofor (16 kn), dalga 0,4 m
  🟡 08:00–12:00  dikkatli olun · 5 Bofor (17 kn), dalga 0,4 m
  🟢 12:00–19:00  uygun · 4 Bofor (15 kn), dalga 0,4 m

<b>Kuzey Ege</b>
  🟢 01:00–11:00  uygun · 4 Bofor (13 kn), dalga 0,2 m
  🟡 11:00–15:00  dikkatli olun · 5 Bofor (18 kn), dalga 0,1 m
  🟢 15:00–19:00  uygun · 5 Bofor (16 kn), dalga 0,2 m

<b>Batı Karadeniz</b>
  🔴 01:00–07:00  ÇIKMAYIN · 4 Bofor (14 kn), ⚠ yüksek dalga 1,5 m
  🟡 07:00–19:00  dikkatli olun · 4 Bofor (10 kn), dalga 1,2 m

<b>Orta Karadeniz</b>
  🔴 01:00–04:00  ÇIKMAYIN · ⚠ rüzgâr 6 Bofor (23 kn), dalga 0,8 m
  🟡 04:00–19:00  dikkatli olun · 5 Bofor (20 kn), dalga 0,8 m

🟢 Sınırın altında: İzmit Körfezi, Güney Ege, Antalya Körfezi, Mersin Körfezi, İskenderun Körfezi

<i>Model tahminidir, ölçüm değildir. Karar sizindir; çıkmadan önce liman başkanlığından ve MGM'den teyit alın.</i>
<b>Acil durumda: 158 Sahil Güvenlik  ·  112</b>
------------------------------------------------------------
